--- Quantile analysis [Dataset: PART3] ---
Charts will be saved to: ./EDA/output/PART3/charts/quantile_analysis/
Calling internal load_and_merge_data(data_directory='./DATA/PART3/')...
Loader success. Loaded merged DataFrame with 10 assets.

--- 正在运行分位数分析: STR_21D ---

STR_21D - 每个分位数的平均 21日 收益:
Quantile
1   0.01041
2   0.00047
3   0.00227
4   0.01594
5   0.01444

--- 核心论据 (统计显著性) ---
T-检验 (Q5 vs Q1): T-stat=1.319, P-value=0.18722
多空组合 (Momentum, Q5-Q1) 年化夏普比率: 0.1466
多空组合 (Reversal, Q1-Q5) 年化夏普比率: -0.1466
  [V2] Chart saved to ./EDA/output/PART3/charts/quantile_analysis/quantile_analysis_v2_STR_21D.png

--- 正在运行分位数分析: MOM_126D ---

MOM_126D - 每个分位数的平均 21日 收益:
Quantile
1    0.00907
2    0.00194
3   -0.00092
4    0.01649
5    0.01817

--- 核心论据 (统计显著性) ---
T-检验 (Q5 vs Q1): T-stat=2.729, P-value=0.00638
多空组合 (Momentum, Q5-Q1) 年化夏普比率: 0.3272
多空组合 (Reversal, Q1-Q5) 年化夏普比率: -0.3272
  [V2] Chart saved to ./EDA/output/PART3/charts/quantile_analysis/quantile_analysis_v2_MOM_126D.png
--- Quantile analysis completed ---
