--- 正在运行 Hurst 分析脚本 [Dataset: PART3] ---
Charts will be saved to: ./EDA/output/PART3/charts/hurst/
Calling internal load_and_merge_data(data_directory='./DATA/PART3/')...
✅ Loader success. Loaded merged DataFrame with 10 assets.
  Calculating Rolling Hurst for 01 (window=252)...
  [V2] Dual-Axis chart saved to ./EDA/output/PART3/charts/hurst/hurst_v2_dual_axis_01_w252.png
  Calculating Rolling Hurst for 02 (window=252)...
  [V2] Dual-Axis chart saved to ./EDA/output/PART3/charts/hurst/hurst_v2_dual_axis_02_w252.png
  Calculating Rolling Hurst for 03 (window=252)...
  [V2] Dual-Axis chart saved to ./EDA/output/PART3/charts/hurst/hurst_v2_dual_axis_03_w252.png
  Calculating Rolling Hurst for 04 (window=252)...
  [V2] Dual-Axis chart saved to ./EDA/output/PART3/charts/hurst/hurst_v2_dual_axis_04_w252.png
  Calculating Rolling Hurst for 05 (window=252)...
  [V2] Dual-Axis chart saved to ./EDA/output/PART3/charts/hurst/hurst_v2_dual_axis_05_w252.png
  Calculating Rolling Hurst for 06 (window=252)...
  [V2] Dual-Axis chart saved to ./EDA/output/PART3/charts/hurst/hurst_v2_dual_axis_06_w252.png
  Calculating Rolling Hurst for 07 (window=252)...
  [V2] Dual-Axis chart saved to ./EDA/output/PART3/charts/hurst/hurst_v2_dual_axis_07_w252.png
  Calculating Rolling Hurst for 08 (window=252)...
  [V2] Dual-Axis chart saved to ./EDA/output/PART3/charts/hurst/hurst_v2_dual_axis_08_w252.png
  Calculating Rolling Hurst for 09 (window=252)...
  [V2] Dual-Axis chart saved to ./EDA/output/PART3/charts/hurst/hurst_v2_dual_axis_09_w252.png
  Calculating Rolling Hurst for 10 (window=252)...
  [V2] Dual-Axis chart saved to ./EDA/output/PART3/charts/hurst/hurst_v2_dual_axis_10_w252.png
--- Hurst 分析全部完成 ---
