--- 正在以独立模式运行 (Correlation Heatmap Plotter) [Dataset: PART3] ---
正在从 './DATA/PART3/' 加载数据...
✅ 数据加载、合并、计算收益率完毕。
正在生成[优化版]相关性热力图并保存到 './EDA/output/PART3/charts/correlation_heatmap.png'...

--- 报告核心统计数据 ---
 平均相关性 (Mean Correlation): 0.0806
 最大正相关性 (Max Positive Correlation): 0.9025
 最小负相关性 (Min Negative Correlation): -0.5838

--- 完整相关性矩阵 (用于复制) ---
        01      02      03      04      05      06      07      08      09      10
01  1.0000  0.5740  0.4239  0.5273 -0.3511  0.3945 -0.0939 -0.1632 -0.1896  0.4828
02  0.5740  1.0000  0.3054  0.3689 -0.2863  0.2943 -0.0591 -0.0996 -0.1328  0.6243
03  0.4239  0.3054  1.0000  0.4429 -0.5838  0.3790 -0.1309 -0.1623 -0.2019  0.2985
04  0.5273  0.3689  0.4429  1.0000 -0.3176  0.3626 -0.1031 -0.1898 -0.2542  0.3357
05 -0.3511 -0.2863 -0.5838 -0.3176  1.0000 -0.4312 -0.1671 -0.1470 -0.1056 -0.2254
06  0.3945  0.2943  0.3790  0.3626 -0.4312  1.0000  0.0440 -0.0056 -0.0274  0.2541
07 -0.0939 -0.0591 -0.1309 -0.1031 -0.1671  0.0440  1.0000  0.8062  0.6452 -0.0814
08 -0.1632 -0.0996 -0.1623 -0.1898 -0.1470 -0.0056  0.8062  1.0000  0.9025 -0.1533
09 -0.1896 -0.1328 -0.2019 -0.2542 -0.1056 -0.0274  0.6452  0.9025  1.0000 -0.1753
10  0.4828  0.6243  0.2985  0.3357 -0.2254  0.2541 -0.0814 -0.1533 -0.1753  1.0000
  图表已保存到: ./EDA/output/PART3/charts/correlation_heatmap.png
--- 本地运行完毕 ---
