--- F 正在运行 GARCH 分析脚本 [Dataset: PART3] ---
Charts & summaries will be saved to: ./EDA/output/PART3/charts/garch/
Calling internal load_and_merge_data(data_directory='./DATA/PART3/')...
✅ Loader success. Loaded merged DataFrame with 10 assets.
  Analyzing GARCH for 01...

--- GARCH(1,1) Summary for 01 ---
                        Constant Mean - GARCH Model Results                         
====================================================================================
Dep. Variable:                           01   R-squared:                       0.000
Mean Model:                   Constant Mean   Adj. R-squared:                  0.000
Vol Model:                            GARCH   Log-Likelihood:               -1922.07
Distribution:      Standardized Student's t   AIC:                           3854.15
Method:                  Maximum Likelihood   BIC:                           3878.68
                                              No. Observations:                  999
Date:                      Wed, Apr 22 2026   Df Residuals:                      998
Time:                              12:02:56   Df Model:                            1
                                Mean Model                                
==========================================================================
                 coef    std err          t      P>|t|    95.0% Conf. Int.
--------------------------------------------------------------------------
mu             0.1021  4.961e-02      2.057  3.965e-02 [4.834e-03,  0.199]
                               Volatility Model                              
=============================================================================
                 coef    std err          t      P>|t|       95.0% Conf. Int.
-----------------------------------------------------------------------------
omega          0.0237  1.861e-02      1.273      0.203 [-1.278e-02,6.016e-02]
alpha[1]       0.0456  1.544e-02      2.955  3.127e-03  [1.536e-02,7.588e-02]
beta[1]        0.9468  1.952e-02     48.516      0.000      [  0.909,  0.985]
                              Distribution                              
========================================================================
                 coef    std err          t      P>|t|  95.0% Conf. Int.
------------------------------------------------------------------------
nu            18.5924     10.448      1.780  7.514e-02 [ -1.885, 39.069]
========================================================================

Covariance estimator: robust
  GARCH 波动率持续性 (Alpha + Beta): 0.9924
  ✅ 论据发现: 波动率高度持续 (> 0.95)，适合动态仓位管理。
--------------------------------------------------
  Chart saved to ./EDA/output/PART3/charts/garch/garch_diagnostics_01.png
  Analyzing GARCH for 02...

--- GARCH(1,1) Summary for 02 ---
                        Constant Mean - GARCH Model Results                         
====================================================================================
Dep. Variable:                           02   R-squared:                       0.000
Mean Model:                   Constant Mean   Adj. R-squared:                  0.000
Vol Model:                            GARCH   Log-Likelihood:               -2150.50
Distribution:      Standardized Student's t   AIC:                           4311.01
Method:                  Maximum Likelihood   BIC:                           4335.54
                                              No. Observations:                  999
Date:                      Wed, Apr 22 2026   Df Residuals:                      998
Time:                              12:02:56   Df Model:                            1
                                 Mean Model                                
===========================================================================
                 coef    std err          t      P>|t|     95.0% Conf. Int.
---------------------------------------------------------------------------
mu             0.0761  6.148e-02      1.238      0.216 [-4.439e-02,  0.197]
                              Volatility Model                             
===========================================================================
                 coef    std err          t      P>|t|     95.0% Conf. Int.
---------------------------------------------------------------------------
omega          0.0578  4.284e-02      1.349      0.177 [-2.617e-02,  0.142]
alpha[1]       0.0648  1.801e-02      3.599  3.191e-04  [2.952e-02,  0.100]
beta[1]        0.9261  1.843e-02     50.260      0.000    [  0.890,  0.962]
                              Distribution                              
========================================================================
                 coef    std err          t      P>|t|  95.0% Conf. Int.
------------------------------------------------------------------------
nu             8.5260      2.044      4.170  3.042e-05 [  4.519, 12.533]
========================================================================

Covariance estimator: robust
  GARCH 波动率持续性 (Alpha + Beta): 0.9910
  ✅ 论据发现: 波动率高度持续 (> 0.95)，适合动态仓位管理。
--------------------------------------------------
  Chart saved to ./EDA/output/PART3/charts/garch/garch_diagnostics_02.png
  Analyzing GARCH for 03...

--- GARCH(1,1) Summary for 03 ---
                        Constant Mean - GARCH Model Results                         
====================================================================================
Dep. Variable:                           03   R-squared:                       0.000
Mean Model:                   Constant Mean   Adj. R-squared:                  0.000
Vol Model:                            GARCH   Log-Likelihood:               -949.109
Distribution:      Standardized Student's t   AIC:                           1908.22
Method:                  Maximum Likelihood   BIC:                           1932.75
                                              No. Observations:                  999
Date:                      Wed, Apr 22 2026   Df Residuals:                      998
Time:                              12:02:56   Df Model:                            1
                                  Mean Model                                 
=============================================================================
                 coef    std err          t      P>|t|       95.0% Conf. Int.
-----------------------------------------------------------------------------
mu             0.0186  1.774e-02      1.049      0.294 [-1.616e-02,5.338e-02]
                               Volatility Model                              
=============================================================================
                 coef    std err          t      P>|t|       95.0% Conf. Int.
-----------------------------------------------------------------------------
omega      2.7836e-03  1.751e-03      1.590      0.112 [-6.478e-04,6.215e-03]
alpha[1]       0.0492  1.290e-02      3.815  1.362e-04  [2.393e-02,7.450e-02]
beta[1]        0.9466  1.334e-02     70.971      0.000      [  0.920,  0.973]
                              Distribution                              
========================================================================
                 coef    std err          t      P>|t|  95.0% Conf. Int.
------------------------------------------------------------------------
nu             8.7827      2.231      3.937  8.247e-05 [  4.410, 13.155]
========================================================================

Covariance estimator: robust
  GARCH 波动率持续性 (Alpha + Beta): 0.9958
  ✅ 论据发现: 波动率高度持续 (> 0.95)，适合动态仓位管理。
--------------------------------------------------
  Chart saved to ./EDA/output/PART3/charts/garch/garch_diagnostics_03.png
  Analyzing GARCH for 04...

--- GARCH(1,1) Summary for 04 ---
                        Constant Mean - GARCH Model Results                         
====================================================================================
Dep. Variable:                           04   R-squared:                       0.000
Mean Model:                   Constant Mean   Adj. R-squared:                  0.000
Vol Model:                            GARCH   Log-Likelihood:               -2231.12
Distribution:      Standardized Student's t   AIC:                           4472.23
Method:                  Maximum Likelihood   BIC:                           4496.77
                                              No. Observations:                  999
Date:                      Wed, Apr 22 2026   Df Residuals:                      998
Time:                              12:02:57   Df Model:                            1
                                 Mean Model                                
===========================================================================
                 coef    std err          t      P>|t|     95.0% Conf. Int.
---------------------------------------------------------------------------
mu             0.1069  6.417e-02      1.666  9.567e-02 [-1.885e-02,  0.233]
                              Volatility Model                              
============================================================================
                 coef    std err          t      P>|t|      95.0% Conf. Int.
----------------------------------------------------------------------------
omega          0.0643  2.815e-02      2.284  2.238e-02   [9.115e-03,  0.119]
alpha[1]       0.0714  1.392e-02      5.131  2.880e-07 [4.415e-02,9.873e-02]
beta[1]        0.9181  1.404e-02     65.379      0.000     [  0.891,  0.946]
                                 Distribution                                
=============================================================================
                 coef    std err          t      P>|t|       95.0% Conf. Int.
-----------------------------------------------------------------------------
nu            69.3834    120.266      0.577      0.564 [-1.663e+02,3.051e+02]
=============================================================================

Covariance estimator: robustD:\Anacoda\envs\comp396\Lib\site-packages\arch\univariate\base.py:694: DataScaleWarning: y is poorly scaled, which may affect convergence of the optimizer when
estimating the model parameters. The scale of y is 0.01837. Parameter
estimation work better when this value is between 1 and 1000. The recommended
rescaling is 10 * y.

This warning can be disabled by either rescaling y before initializing the
model or by setting rescale=False.

  self._check_scale(resids)

  GARCH 波动率持续性 (Alpha + Beta): 0.9895
  ✅ 论据发现: 波动率高度持续 (> 0.95)，适合动态仓位管理。
--------------------------------------------------
  Chart saved to ./EDA/output/PART3/charts/garch/garch_diagnostics_04.png
  Analyzing GARCH for 05...

--- GARCH(1,1) Summary for 05 ---
                        Constant Mean - GARCH Model Results                         
====================================================================================
Dep. Variable:                           05   R-squared:                       0.000
Mean Model:                   Constant Mean   Adj. R-squared:                  0.000
Vol Model:                            GARCH   Log-Likelihood:               -725.404
Distribution:      Standardized Student's t   AIC:                           1460.81
Method:                  Maximum Likelihood   BIC:                           1485.34
                                              No. Observations:                  999
Date:                      Wed, Apr 22 2026   Df Residuals:                      998
Time:                              12:02:57   Df Model:                            1
                                  Mean Model                                 
=============================================================================
                 coef    std err          t      P>|t|       95.0% Conf. Int.
-----------------------------------------------------------------------------
mu            -0.0230  1.404e-02     -1.637      0.102 [-5.049e-02,4.541e-03]
                               Volatility Model                              
=============================================================================
                 coef    std err          t      P>|t|       95.0% Conf. Int.
-----------------------------------------------------------------------------
omega      5.0176e-04  6.510e-04      0.771      0.441 [-7.742e-04,1.778e-03]
alpha[1]       0.0358  7.261e-03      4.936  7.980e-07  [2.161e-02,5.007e-02]
beta[1]        0.9642  7.625e-03    126.451      0.000      [  0.949,  0.979]
                              Distribution                              
========================================================================
                 coef    std err          t      P>|t|  95.0% Conf. Int.
------------------------------------------------------------------------
nu            15.0840      6.428      2.346  1.895e-02 [  2.485, 27.683]
========================================================================

Covariance estimator: robust
  GARCH 波动率持续性 (Alpha + Beta): 1.0000
  ✅ 论据发现: 波动率高度持续 (> 0.95)，适合动态仓位管理。
--------------------------------------------------
  Chart saved to ./EDA/output/PART3/charts/garch/garch_diagnostics_05.png
  Analyzing GARCH for 06...

--- GARCH(1,1) Summary for 06 ---
                        Constant Mean - GARCH Model Results                         
====================================================================================
Dep. Variable:                           06   R-squared:                       0.000
Mean Model:                   Constant Mean   Adj. R-squared:                  0.000
Vol Model:                            GARCH   Log-Likelihood:               -2177.50
Distribution:      Standardized Student's t   AIC:                           4364.99
Method:                  Maximum Likelihood   BIC:                           4389.53
                                              No. Observations:                  999
Date:                      Wed, Apr 22 2026   Df Residuals:                      998
Time:                              12:02:57   Df Model:                            1
                               Mean Model                               
========================================================================
                 coef    std err          t      P>|t|  95.0% Conf. Int.
------------------------------------------------------------------------
mu             0.2247  5.854e-02      3.839  1.236e-04 [  0.110,  0.339]
                              Volatility Model                              
============================================================================
                 coef    std err          t      P>|t|      95.0% Conf. Int.
----------------------------------------------------------------------------
omega          0.0538  2.358e-02      2.281  2.254e-02   [7.575e-03,  0.100]
alpha[1]       0.0453  1.309e-02      3.461  5.373e-04 [1.965e-02,7.094e-02]
beta[1]        0.9481  1.280e-02     74.064      0.000     [  0.923,  0.973]
                              Distribution                              
========================================================================
                 coef    std err          t      P>|t|  95.0% Conf. Int.
------------------------------------------------------------------------
nu             4.5748      0.683      6.694  2.172e-11 [  3.235,  5.914]
========================================================================

Covariance estimator: robust
  GARCH 波动率持续性 (Alpha + Beta): 0.9934
  ✅ 论据发现: 波动率高度持续 (> 0.95)，适合动态仓位管理。
--------------------------------------------------
  Chart saved to ./EDA/output/PART3/charts/garch/garch_diagnostics_06.png
  Analyzing GARCH for 07...

--- GARCH(1,1) Summary for 07 ---
                        Constant Mean - GARCH Model Results                         
====================================================================================
Dep. Variable:                           07   R-squared:                       0.000
Mean Model:                   Constant Mean   Adj. R-squared:                  0.000
Vol Model:                            GARCH   Log-Likelihood:                797.133
Distribution:      Standardized Student's t   AIC:                          -1584.27
Method:                  Maximum Likelihood   BIC:                          -1559.73
                                              No. Observations:                  999
Date:                      Wed, Apr 22 2026   Df Residuals:                      998
Time:                              12:02:57   Df Model:                            1
                                  Mean Model                                  
==============================================================================
                  coef    std err          t      P>|t|       95.0% Conf. Int.
------------------------------------------------------------------------------
mu         -3.3417e-03  2.934e-03     -1.139      0.255 [-9.092e-03,2.408e-03]
                               Volatility Model                              
=============================================================================
                 coef    std err          t      P>|t|       95.0% Conf. Int.
-----------------------------------------------------------------------------
omega      1.5299e-04  8.820e-05      1.735  8.282e-02 [-1.988e-05,3.259e-04]
alpha[1]       0.0717  2.444e-02      2.933  3.355e-03    [2.379e-02,  0.120]
beta[1]        0.9229  2.552e-02     36.172 1.694e-286      [  0.873,  0.973]
                              Distribution                              
========================================================================
                 coef    std err          t      P>|t|  95.0% Conf. Int.
------------------------------------------------------------------------
nu             5.0019      0.841      5.944  2.777e-09 [  3.353,  6.651]
========================================================================

Covariance estimator: robust
  GARCH 波动率持续性 (Alpha + Beta): 0.9946
  ✅ 论据发现: 波动率高度持续 (> 0.95)，适合动态仓位管理。
--------------------------------------------------
  Chart saved to ./EDA/output/PART3/charts/garch/garch_diagnostics_07.png
  Analyzing GARCH for 08...

--- GARCH(1,1) Summary for 08 ---
                        Constant Mean - GARCH Model Results                         
====================================================================================
Dep. Variable:                           08   R-squared:                       0.000
Mean Model:                   Constant Mean   Adj. R-squared:                  0.000
Vol Model:                            GARCH   Log-Likelihood:               -446.729
Distribution:      Standardized Student's t   AIC:                           903.457
Method:                  Maximum Likelihood   BIC:                           927.991
                                              No. Observations:                  999
Date:                      Wed, Apr 22 2026   Df Residuals:                      998
Time:                              12:02:58   Df Model:                            1
                                  Mean Model                                  
==============================================================================
                  coef    std err          t      P>|t|       95.0% Conf. Int.
------------------------------------------------------------------------------
mu         -3.1150e-03  1.024e-02     -0.304      0.761 [-2.318e-02,1.695e-02]
                               Volatility Model                              
=============================================================================
                 coef    std err          t      P>|t|       95.0% Conf. Int.
-----------------------------------------------------------------------------
omega      2.8236e-04  3.767e-04      0.749      0.454 [-4.560e-04,1.021e-03]
alpha[1]       0.0310  1.018e-02      3.043  2.341e-03  [1.103e-02,5.095e-02]
beta[1]        0.9690  1.192e-02     81.277      0.000      [  0.946,  0.992]
                              Distribution                              
========================================================================
                 coef    std err          t      P>|t|  95.0% Conf. Int.
------------------------------------------------------------------------
nu             8.8168      2.282      3.864  1.117e-04 [  4.344, 13.290]
========================================================================

Covariance estimator: robust
  GARCH 波动率持续性 (Alpha + Beta): 1.0000
  ✅ 论据发现: 波动率高度持续 (> 0.95)，适合动态仓位管理。
--------------------------------------------------
  Chart saved to ./EDA/output/PART3/charts/garch/garch_diagnostics_08.png
  Analyzing GARCH for 09...

--- GARCH(1,1) Summary for 09 ---
                        Constant Mean - GARCH Model Results                         
====================================================================================
Dep. Variable:                           09   R-squared:                       0.000
Mean Model:                   Constant Mean   Adj. R-squared:                  0.000
Vol Model:                            GARCH   Log-Likelihood:               -848.324
Distribution:      Standardized Student's t   AIC:                           1706.65
Method:                  Maximum Likelihood   BIC:                           1731.18
                                              No. Observations:                  999
Date:                      Wed, Apr 22 2026   Df Residuals:                      998
Time:                              12:02:58   Df Model:                            1
                                  Mean Model                                  
==============================================================================
                  coef    std err          t      P>|t|       95.0% Conf. Int.
------------------------------------------------------------------------------
mu         -1.7103e-03  1.551e-02     -0.110      0.912 [-3.211e-02,2.869e-02]
                               Volatility Model                              
=============================================================================
                 coef    std err          t      P>|t|       95.0% Conf. Int.
-----------------------------------------------------------------------------
omega      5.7936e-04  8.694e-04      0.666      0.505 [-1.125e-03,2.283e-03]
alpha[1]       0.0333  8.049e-03      4.137  3.523e-05  [1.752e-02,4.907e-02]
beta[1]        0.9667  9.557e-03    101.153      0.000      [  0.948,  0.985]
                              Distribution                              
========================================================================
                 coef    std err          t      P>|t|  95.0% Conf. Int.
------------------------------------------------------------------------
nu            13.1877      4.791      2.753  5.912e-03 [  3.798, 22.578]
========================================================================

Covariance estimator: robust
  GARCH 波动率持续性 (Alpha + Beta): 1.0000
  ✅ 论据发现: 波动率高度持续 (> 0.95)，适合动态仓位管理。
--------------------------------------------------
  Chart saved to ./EDA/output/PART3/charts/garch/garch_diagnostics_09.png
  Analyzing GARCH for 10...

--- GARCH(1,1) Summary for 10 ---
                        Constant Mean - GARCH Model Results                         
====================================================================================
Dep. Variable:                           10   R-squared:                       0.000
Mean Model:                   Constant Mean   Adj. R-squared:                  0.000
Vol Model:                            GARCH   Log-Likelihood:               -2223.49
Distribution:      Standardized Student's t   AIC:                           4456.98
Method:                  Maximum Likelihood   BIC:                           4481.51
                                              No. Observations:                  999
Date:                      Wed, Apr 22 2026   Df Residuals:                      998
Time:                              12:02:58   Df Model:                            1
                                 Mean Model                                
===========================================================================
                 coef    std err          t      P>|t|     95.0% Conf. Int.
---------------------------------------------------------------------------
mu             0.0658  6.597e-02      0.998      0.318 [-6.348e-02,  0.195]
                               Volatility Model                              
=============================================================================
                 coef    std err          t      P>|t|       95.0% Conf. Int.
-----------------------------------------------------------------------------
omega          0.0181  2.030e-02      0.892      0.372 [-2.167e-02,5.791e-02]
alpha[1]       0.0263  1.467e-02      1.791  7.326e-02 [-2.475e-03,5.502e-02]
beta[1]        0.9715  1.719e-02     56.505      0.000      [  0.938,  1.005]
                              Distribution                              
========================================================================
                 coef    std err          t      P>|t|  95.0% Conf. Int.
------------------------------------------------------------------------
nu            13.5321      4.483      3.019  2.540e-03 [  4.746, 22.319]
========================================================================

Covariance estimator: robust
  GARCH 波动率持续性 (Alpha + Beta): 0.9978
  ✅ 论据发现: 波动率高度持续 (> 0.95)，适合动态仓位管理。
--------------------------------------------------
  Chart saved to ./EDA/output/PART3/charts/garch/garch_diagnostics_10.png
--- GARCH 分析全部完成 ---
