--- 正在以独立模式运行 (Correlation Heatmap Plotter) [Dataset: PART1] ---
正在从 './DATA/PART1/' 加载数据...
✅ 数据加载、合并、计算收益率完毕。
正在生成[优化版]相关性热力图并保存到 './EDA/output/PART1/charts/correlation_heatmap.png'...

--- 报告核心统计数据 ---
 平均相关性 (Mean Correlation): 0.0504
 最大正相关性 (Max Positive Correlation): 0.6278
 最小负相关性 (Min Negative Correlation): -0.1607

--- 完整相关性矩阵 (用于复制) ---
        01      02      03      04      05      06      07      08      09      10
01  1.0000  0.5072  0.0810 -0.0266 -0.0524  0.0248 -0.0297  0.0130 -0.0177  0.3844
02  0.5072  1.0000  0.0303  0.0782 -0.0469  0.1277 -0.0678 -0.0300 -0.0757  0.6278
03  0.0810  0.0303  1.0000  0.0296 -0.0272  0.0330  0.0100  0.0240  0.0095  0.0290
04 -0.0266  0.0782  0.0296  1.0000  0.0125  0.0851  0.0127 -0.0659 -0.0574  0.0767
05 -0.0524 -0.0469 -0.0272  0.0125  1.0000 -0.1607 -0.0558 -0.0403  0.0303 -0.0670
06  0.0248  0.1277  0.0330  0.0851 -0.1607  1.0000 -0.0421 -0.0326 -0.0621  0.1141
07 -0.0297 -0.0678  0.0100  0.0127 -0.0558 -0.0421  1.0000  0.1898  0.5122 -0.0779
08  0.0130 -0.0300  0.0240 -0.0659 -0.0403 -0.0326  0.1898  1.0000  0.2757  0.0004
09 -0.0177 -0.0757  0.0095 -0.0574  0.0303 -0.0621  0.5122  0.2757  1.0000 -0.0152
10  0.3844  0.6278  0.0290  0.0767 -0.0670  0.1141 -0.0779  0.0004 -0.0152  1.0000
  图表已保存到: ./EDA/output/PART1/charts/correlation_heatmap.png
--- 本地运行完毕 ---
