--- F 正在运行 GARCH 分析脚本 [Dataset: PART1] ---
Charts & summaries will be saved to: ./EDA/output/PART1/charts/garch/
Calling internal load_and_merge_data(data_directory='./DATA/PART1/')...
✅ Loader success. Loaded merged DataFrame with 10 assets.
  Analyzing GARCH for 01...

--- GARCH(1,1) Summary for 01 ---
                        Constant Mean - GARCH Model Results                         
====================================================================================
Dep. Variable:                           01   R-squared:                       0.000
Mean Model:                   Constant Mean   Adj. R-squared:                  0.000
Vol Model:                            GARCH   Log-Likelihood:               -1647.88
Distribution:      Standardized Student's t   AIC:                           3305.76
Method:                  Maximum Likelihood   BIC:                           3330.29
                                              No. Observations:                  999
Date:                      Wed, Apr 22 2026   Df Residuals:                      998
Time:                              12:01:50   Df Model:                            1
                                 Mean Model                                
===========================================================================
                 coef    std err          t      P>|t|     95.0% Conf. Int.
---------------------------------------------------------------------------
mu            -0.0766  3.643e-02     -2.102  3.554e-02 [ -0.148,-5.180e-03]
                             Volatility Model                             
==========================================================================
                 coef    std err          t      P>|t|    95.0% Conf. Int.
--------------------------------------------------------------------------
omega          0.1119  3.317e-02      3.372  7.469e-04 [4.683e-02,  0.177]
alpha[1]       0.0680  1.768e-02      3.846  1.203e-04 [3.334e-02,  0.103]
beta[1]        0.8717  2.500e-02     34.863 2.698e-266   [  0.823,  0.921]
                              Distribution                              
========================================================================
                 coef    std err          t      P>|t|  95.0% Conf. Int.
------------------------------------------------------------------------
nu             5.4873      0.821      6.687  2.279e-11 [  3.879,  7.096]
========================================================================

Covariance estimator: robust
  GARCH 波动率持续性 (Alpha + Beta): 0.9397
--------------------------------------------------
  Chart saved to ./EDA/output/PART1/charts/garch/garch_diagnostics_01.png
  Analyzing GARCH for 02...

--- GARCH(1,1) Summary for 02 ---
                        Constant Mean - GARCH Model Results                         
====================================================================================
Dep. Variable:                           02   R-squared:                       0.000
Mean Model:                   Constant Mean   Adj. R-squared:                  0.000
Vol Model:                            GARCH   Log-Likelihood:               -1756.86
Distribution:      Standardized Student's t   AIC:                           3523.73
Method:                  Maximum Likelihood   BIC:                           3548.26
                                              No. Observations:                  999
Date:                      Wed, Apr 22 2026   Df Residuals:                      998
Time:                              12:01:50   Df Model:                            1
                                Mean Model                                
==========================================================================
                 coef    std err          t      P>|t|    95.0% Conf. Int.
--------------------------------------------------------------------------
mu            -0.0730  3.892e-02     -1.876  6.061e-02 [ -0.149,3.256e-03]
                              Volatility Model                              
============================================================================
                 coef    std err          t      P>|t|      95.0% Conf. Int.
----------------------------------------------------------------------------
omega          0.1223  4.676e-02      2.615  8.920e-03   [3.063e-02,  0.214]
alpha[1]       0.0644  1.810e-02      3.558  3.733e-04 [2.893e-02,9.988e-02]
beta[1]        0.8883  2.655e-02     33.463 1.682e-245     [  0.836,  0.940]
                              Distribution                              
========================================================================
                 coef    std err          t      P>|t|  95.0% Conf. Int.
------------------------------------------------------------------------
nu             4.1361      0.522      7.927  2.252e-15 [  3.113,  5.159]
========================================================================

Covariance estimator: robust
  GARCH 波动率持续性 (Alpha + Beta): 0.9527
  ✅ 论据发现: 波动率高度持续 (> 0.95)，适合动态仓位管理。
--------------------------------------------------
  Chart saved to ./EDA/output/PART1/charts/garch/garch_diagnostics_02.png
  Analyzing GARCH for 03...

--- GARCH(1,1) Summary for 03 ---
                        Constant Mean - GARCH Model Results                         
====================================================================================
Dep. Variable:                           03   R-squared:                       0.000
Mean Model:                   Constant Mean   Adj. R-squared:                  0.000
Vol Model:                            GARCH   Log-Likelihood:               -415.191
Distribution:      Standardized Student's t   AIC:                           840.382
Method:                  Maximum Likelihood   BIC:                           864.916
                                              No. Observations:                  999
Date:                      Wed, Apr 22 2026   Df Residuals:                      998
Time:                              12:01:50   Df Model:                            1
                                  Mean Model                                 
=============================================================================
                 coef    std err          t      P>|t|       95.0% Conf. Int.
-----------------------------------------------------------------------------
mu            -0.0131  1.058e-02     -1.237      0.216 [-3.383e-02,7.646e-03]
                              Volatility Model                              
============================================================================
                 coef    std err          t      P>|t|      95.0% Conf. Int.
----------------------------------------------------------------------------
omega      3.5431e-03  1.440e-03      2.461  1.386e-02 [7.213e-04,6.365e-03]
alpha[1]       0.0764  2.048e-02      3.729  1.923e-04   [3.622e-02,  0.116]
beta[1]        0.9026  2.334e-02     38.671      0.000     [  0.857,  0.948]
                              Distribution                              
========================================================================
                 coef    std err          t      P>|t|  95.0% Conf. Int.
------------------------------------------------------------------------
nu            13.9638      4.835      2.888  3.876e-03 [  4.488, 23.440]
========================================================================

Covariance estimator: robust
  GARCH 波动率持续性 (Alpha + Beta): 0.9790
  ✅ 论据发现: 波动率高度持续 (> 0.95)，适合动态仓位管理。
--------------------------------------------------
  Chart saved to ./EDA/output/PART1/charts/garch/garch_diagnostics_03.png
  Analyzing GARCH for 04...

--- GARCH(1,1) Summary for 04 ---
                        Constant Mean - GARCH Model Results                         
====================================================================================
Dep. Variable:                           04   R-squared:                       0.000
Mean Model:                   Constant Mean   Adj. R-squared:                  0.000
Vol Model:                            GARCH   Log-Likelihood:               -2247.07
Distribution:      Standardized Student's t   AIC:                           4504.15
Method:                  Maximum Likelihood   BIC:                           4528.68
                                              No. Observations:                  999
Date:                      Wed, Apr 22 2026   Df Residuals:                      998
Time:                              12:01:50   Df Model:                            1
                                 Mean Model                                
===========================================================================
                 coef    std err          t      P>|t|     95.0% Conf. Int.
---------------------------------------------------------------------------
mu             0.0568  6.893e-02      0.823      0.410 [-7.834e-02,  0.192]
                               Volatility Model                              
=============================================================================
                 coef    std err          t      P>|t|       95.0% Conf. Int.
-----------------------------------------------------------------------------
omega          0.0114  2.748e-02      0.413      0.679 [-4.250e-02,6.521e-02]
alpha[1]       0.0200  7.392e-03      2.712  6.681e-03  [5.561e-03,3.454e-02]
beta[1]        0.9794  9.087e-03    107.783      0.000      [  0.962,  0.997]
                              Distribution                              
========================================================================
                 coef    std err          t      P>|t|  95.0% Conf. Int.
------------------------------------------------------------------------
nu             5.9085      1.034      5.716  1.091e-08 [  3.882,  7.934]
========================================================================

Covariance estimator: robustD:\Anacoda\envs\comp396\Lib\site-packages\arch\univariate\base.py:694: DataScaleWarning: y is poorly scaled, which may affect convergence of the optimizer when
estimating the model parameters. The scale of y is 0.02444. Parameter
estimation work better when this value is between 1 and 1000. The recommended
rescaling is 10 * y.

This warning can be disabled by either rescaling y before initializing the
model or by setting rescale=False.

  self._check_scale(resids)

  GARCH 波动率持续性 (Alpha + Beta): 0.9995
  ✅ 论据发现: 波动率高度持续 (> 0.95)，适合动态仓位管理。
--------------------------------------------------
  Chart saved to ./EDA/output/PART1/charts/garch/garch_diagnostics_04.png
  Analyzing GARCH for 05...

--- GARCH(1,1) Summary for 05 ---
                        Constant Mean - GARCH Model Results                         
====================================================================================
Dep. Variable:                           05   R-squared:                       0.000
Mean Model:                   Constant Mean   Adj. R-squared:                  0.000
Vol Model:                            GARCH   Log-Likelihood:               -717.380
Distribution:      Standardized Student's t   AIC:                           1444.76
Method:                  Maximum Likelihood   BIC:                           1469.29
                                              No. Observations:                  999
Date:                      Wed, Apr 22 2026   Df Residuals:                      998
Time:                              12:01:51   Df Model:                            1
                                 Mean Model                                 
============================================================================
                 coef    std err          t      P>|t|      95.0% Conf. Int.
----------------------------------------------------------------------------
mu             0.0395  1.493e-02      2.644  8.191e-03 [1.021e-02,6.873e-02]
                               Volatility Model                              
=============================================================================
                 coef    std err          t      P>|t|       95.0% Conf. Int.
-----------------------------------------------------------------------------
omega      3.4199e-03  1.736e-03      1.970  4.882e-02  [1.764e-05,6.822e-03]
alpha[1]   2.5654e-03  6.711e-03      0.382      0.702 [-1.059e-02,1.572e-02]
beta[1]        0.9851  7.959e-03    123.781      0.000      [  0.970,  1.001]
                              Distribution                              
========================================================================
                 coef    std err          t      P>|t|  95.0% Conf. Int.
------------------------------------------------------------------------
nu             7.0010      1.613      4.341  1.418e-05 [  3.840, 10.162]
========================================================================

Covariance estimator: robust
  GARCH 波动率持续性 (Alpha + Beta): 0.9877
  ✅ 论据发现: 波动率高度持续 (> 0.95)，适合动态仓位管理。
--------------------------------------------------
  Chart saved to ./EDA/output/PART1/charts/garch/garch_diagnostics_05.png
  Analyzing GARCH for 06...

--- GARCH(1,1) Summary for 06 ---
                        Constant Mean - GARCH Model Results                         
====================================================================================
Dep. Variable:                           06   R-squared:                       0.000
Mean Model:                   Constant Mean   Adj. R-squared:                  0.000
Vol Model:                            GARCH   Log-Likelihood:               -1746.80
Distribution:      Standardized Student's t   AIC:                           3503.59
Method:                  Maximum Likelihood   BIC:                           3528.13
                                              No. Observations:                  999
Date:                      Wed, Apr 22 2026   Df Residuals:                      998
Time:                              12:01:51   Df Model:                            1
                                  Mean Model                                 
=============================================================================
                 coef    std err          t      P>|t|       95.0% Conf. Int.
-----------------------------------------------------------------------------
mu            -0.0196  3.700e-02     -0.529      0.597 [-9.210e-02,5.295e-02]
                               Volatility Model                              
=============================================================================
                 coef    std err          t      P>|t|       95.0% Conf. Int.
-----------------------------------------------------------------------------
omega      1.8448e-03  5.722e-03      0.322      0.747 [-9.371e-03,1.306e-02]
alpha[1]       0.0298  8.746e-03      3.403  6.675e-04  [1.262e-02,4.690e-02]
beta[1]        0.9702  9.206e-03    105.390      0.000      [  0.952,  0.988]
                              Distribution                              
========================================================================
                 coef    std err          t      P>|t|  95.0% Conf. Int.
------------------------------------------------------------------------
nu             4.8333      0.781      6.187  6.137e-10 [  3.302,  6.364]
========================================================================

Covariance estimator: robust
  GARCH 波动率持续性 (Alpha + Beta): 1.0000
  ✅ 论据发现: 波动率高度持续 (> 0.95)，适合动态仓位管理。
--------------------------------------------------
  Chart saved to ./EDA/output/PART1/charts/garch/garch_diagnostics_06.png
  Analyzing GARCH for 07...

--- GARCH(1,1) Summary for 07 ---
                        Constant Mean - GARCH Model Results                         
====================================================================================
Dep. Variable:                           07   R-squared:                       0.000
Mean Model:                   Constant Mean   Adj. R-squared:                  0.000
Vol Model:                            GARCH   Log-Likelihood:                719.517
Distribution:      Standardized Student's t   AIC:                          -1429.03
Method:                  Maximum Likelihood   BIC:                          -1404.50
                                              No. Observations:                  999
Date:                      Wed, Apr 22 2026   Df Residuals:                      998
Time:                              12:01:51   Df Model:                            1
                                  Mean Model                                  
==============================================================================
                  coef    std err          t      P>|t|       95.0% Conf. Int.
------------------------------------------------------------------------------
mu         -2.9684e-03  2.921e-03     -1.016      0.310 [-8.694e-03,2.757e-03]
                               Volatility Model                              
=============================================================================
                 coef    std err          t      P>|t|       95.0% Conf. Int.
-----------------------------------------------------------------------------
omega      4.1110e-03  4.899e-03      0.839      0.401 [-5.490e-03,1.371e-02]
alpha[1]       0.3078      0.204      1.508      0.132   [-9.226e-02,  0.708]
beta[1]        0.6226      0.269      2.313  2.071e-02    [9.507e-02,  1.150]
                              Distribution                              
========================================================================
                 coef    std err          t      P>|t|  95.0% Conf. Int.
------------------------------------------------------------------------
nu             2.8164      0.334      8.433  3.359e-17 [  2.162,  3.471]
========================================================================

Covariance estimator: robust
  GARCH 波动率持续性 (Alpha + Beta): 0.9305
--------------------------------------------------
  Chart saved to ./EDA/output/PART1/charts/garch/garch_diagnostics_07.png
  Analyzing GARCH for 08...

--- GARCH(1,1) Summary for 08 ---
                        Constant Mean - GARCH Model Results                         
====================================================================================
Dep. Variable:                           08   R-squared:                       0.000
Mean Model:                   Constant Mean   Adj. R-squared:                  0.000
Vol Model:                            GARCH   Log-Likelihood:               -436.911
Distribution:      Standardized Student's t   AIC:                           883.823
Method:                  Maximum Likelihood   BIC:                           908.357
                                              No. Observations:                  999
Date:                      Wed, Apr 22 2026   Df Residuals:                      998
Time:                              12:01:51   Df Model:                            1
                                  Mean Model                                 
=============================================================================
                 coef    std err          t      P>|t|       95.0% Conf. Int.
-----------------------------------------------------------------------------
mu         5.8002e-03  1.066e-02      0.544      0.587 [-1.510e-02,2.670e-02]
                               Volatility Model                              
=============================================================================
                 coef    std err          t      P>|t|       95.0% Conf. Int.
-----------------------------------------------------------------------------
omega      1.7764e-03  1.404e-03      1.265      0.206 [-9.762e-04,4.529e-03]
alpha[1]       0.0352  1.102e-02      3.198  1.384e-03  [1.365e-02,5.685e-02]
beta[1]        0.9540  1.260e-02     75.735      0.000      [  0.929,  0.979]
                              Distribution                              
========================================================================
                 coef    std err          t      P>|t|  95.0% Conf. Int.
------------------------------------------------------------------------
nu             5.5591      0.978      5.683  1.324e-08 [  3.642,  7.476]
========================================================================

Covariance estimator: robust
  GARCH 波动率持续性 (Alpha + Beta): 0.9893
  ✅ 论据发现: 波动率高度持续 (> 0.95)，适合动态仓位管理。
--------------------------------------------------
  Chart saved to ./EDA/output/PART1/charts/garch/garch_diagnostics_08.png
  Analyzing GARCH for 09...

--- GARCH(1,1) Summary for 09 ---
                        Constant Mean - GARCH Model Results                         
====================================================================================
Dep. Variable:                           09   R-squared:                       0.000
Mean Model:                   Constant Mean   Adj. R-squared:                  0.000
Vol Model:                            GARCH   Log-Likelihood:               -861.741
Distribution:      Standardized Student's t   AIC:                           1733.48
Method:                  Maximum Likelihood   BIC:                           1758.02
                                              No. Observations:                  999
Date:                      Wed, Apr 22 2026   Df Residuals:                      998
Time:                              12:01:52   Df Model:                            1
                                  Mean Model                                 
=============================================================================
                 coef    std err          t      P>|t|       95.0% Conf. Int.
-----------------------------------------------------------------------------
mu             0.0129  1.741e-02      0.741      0.459 [-2.122e-02,4.703e-02]
                               Volatility Model                              
=============================================================================
                 coef    std err          t      P>|t|       95.0% Conf. Int.
-----------------------------------------------------------------------------
omega      6.1014e-03  3.625e-03      1.683  9.237e-02 [-1.004e-03,1.321e-02]
alpha[1]       0.0184  9.304e-03      1.976  4.820e-02  [1.454e-04,3.662e-02]
beta[1]        0.9631  1.399e-02     68.822      0.000      [  0.936,  0.991]
                              Distribution                              
========================================================================
                 coef    std err          t      P>|t|  95.0% Conf. Int.
------------------------------------------------------------------------
nu             7.2527      1.844      3.932  8.408e-05 [  3.638, 10.867]
========================================================================

Covariance estimator: robust
  GARCH 波动率持续性 (Alpha + Beta): 0.9815
  ✅ 论据发现: 波动率高度持续 (> 0.95)，适合动态仓位管理。
--------------------------------------------------
  Chart saved to ./EDA/output/PART1/charts/garch/garch_diagnostics_09.png
  Analyzing GARCH for 10...

--- GARCH(1,1) Summary for 10 ---
                        Constant Mean - GARCH Model Results                         
====================================================================================
Dep. Variable:                           10   R-squared:                       0.000
Mean Model:                   Constant Mean   Adj. R-squared:                  0.000
Vol Model:                            GARCH   Log-Likelihood:               -1842.87
Distribution:      Standardized Student's t   AIC:                           3695.74
Method:                  Maximum Likelihood   BIC:                           3720.28
                                              No. Observations:                  999
Date:                      Wed, Apr 22 2026   Df Residuals:                      998
Time:                              12:01:52   Df Model:                            1
                                 Mean Model                                
===========================================================================
                 coef    std err          t      P>|t|     95.0% Conf. Int.
---------------------------------------------------------------------------
mu            -0.1087  4.639e-02     -2.343  1.911e-02 [ -0.200,-1.779e-02]
                               Volatility Model                              
=============================================================================
                 coef    std err          t      P>|t|       95.0% Conf. Int.
-----------------------------------------------------------------------------
omega          0.0949      0.117      0.812      0.417      [ -0.134,  0.324]
alpha[1]       0.0101  1.209e-02      0.839      0.402 [-1.356e-02,3.384e-02]
beta[1]        0.9520  5.608e-02     16.975  1.257e-64      [  0.842,  1.062]
                              Distribution                              
========================================================================
                 coef    std err          t      P>|t|  95.0% Conf. Int.
------------------------------------------------------------------------
nu             6.0174      0.976      6.165  7.063e-10 [  4.104,  7.931]
========================================================================

Covariance estimator: robust
  GARCH 波动率持续性 (Alpha + Beta): 0.9622
  ✅ 论据发现: 波动率高度持续 (> 0.95)，适合动态仓位管理。
--------------------------------------------------
  Chart saved to ./EDA/output/PART1/charts/garch/garch_diagnostics_10.png
--- GARCH 分析全部完成 ---
