--- Quantile analysis [Dataset: PART2] ---
Charts will be saved to: ./EDA/output/PART2/charts/quantile_analysis/
Calling internal load_and_merge_data(data_directory='./DATA/PART2/')...
Loader success. Loaded merged DataFrame with 10 assets.

--- 正在运行分位数分析: STR_21D ---

STR_21D - 每个分位数的平均 21日 收益:
Quantile
1    0.01809
2    0.00704
3    0.00467
4    0.00817
5   -0.00422

--- 核心论据 (统计显著性) ---
T-检验 (Q5 vs Q1): T-stat=-8.777, P-value=0.00000
多空组合 (Momentum, Q5-Q1) 年化夏普比率: -0.9640
多空组合 (Reversal, Q1-Q5) 年化夏普比率: 0.9640
  [V2] Chart saved to ./EDA/output/PART2/charts/quantile_analysis/quantile_analysis_v2_STR_21D.png

--- 正在运行分位数分析: MOM_126D ---

MOM_126D - 每个分位数的平均 21日 收益:
Quantile
1    0.01723
2    0.00654
3    0.01259
4    0.01035
5   -0.00675

--- 核心论据 (统计显著性) ---
T-检验 (Q5 vs Q1): T-stat=-8.860, P-value=0.00000
多空组合 (Momentum, Q5-Q1) 年化夏普比率: -1.0409
多空组合 (Reversal, Q1-Q5) 年化夏普比率: 1.0409
  [V2] Chart saved to ./EDA/output/PART2/charts/quantile_analysis/quantile_analysis_v2_MOM_126D.png
--- Quantile analysis completed ---
