--- 正在以独立模式运行 (Correlation Heatmap Plotter) [Dataset: PART2] ---
正在从 './DATA/PART2/' 加载数据...
✅ 数据加载、合并、计算收益率完毕。
正在生成[优化版]相关性热力图并保存到 './EDA/output/PART2/charts/correlation_heatmap.png'...

--- 报告核心统计数据 ---
 平均相关性 (Mean Correlation): 0.0778
 最大正相关性 (Max Positive Correlation): 0.8362
 最小负相关性 (Min Negative Correlation): -0.4425

--- 完整相关性矩阵 (用于复制) ---
        01      02      03      04      05      06      07      08      09      10
01  1.0000  0.5547 -0.0197  0.0914 -0.1431  0.2647 -0.0183  0.0232  0.0157  0.2826
02  0.5547  1.0000 -0.0372  0.1585 -0.1432  0.2329  0.0102  0.0331  0.0506  0.5486
03 -0.0197 -0.0372  1.0000  0.0645 -0.4251  0.1674  0.0243  0.0322  0.0085  0.0793
04  0.0914  0.1585  0.0645  1.0000 -0.1545  0.2240 -0.0138  0.0535  0.0657  0.1206
05 -0.1431 -0.1432 -0.4251 -0.1545  1.0000 -0.4425 -0.2900 -0.2905 -0.2635 -0.0850
06  0.2647  0.2329  0.1674  0.2240 -0.4425  1.0000  0.1160  0.1125  0.1207  0.0492
07 -0.0183  0.0102  0.0243 -0.0138 -0.2900  0.1160  1.0000  0.8362  0.5944 -0.0030
08  0.0232  0.0331  0.0322  0.0535 -0.2905  0.1125  0.8362  1.0000  0.8143  0.0349
09  0.0157  0.0506  0.0085  0.0657 -0.2635  0.1207  0.5944  0.8143  1.0000  0.0458
10  0.2826  0.5486  0.0793  0.1206 -0.0850  0.0492 -0.0030  0.0349  0.0458  1.0000
  图表已保存到: ./EDA/output/PART2/charts/correlation_heatmap.png
--- 本地运行完毕 ---
