--- 正在以独立模式运行 (Correlation Heatmap Plotter) [Dataset: PART123] ---
正在从 './DATA/PART123/' 加载数据...
✅ 数据加载、合并、计算收益率完毕。
正在生成[优化版]相关性热力图并保存到 './EDA/output/PART123/charts/correlation_heatmap.png'...

--- 报告核心统计数据 ---
 平均相关性 (Mean Correlation): 0.0760
 最大正相关性 (Max Positive Correlation): 0.7029
 最小负相关性 (Min Negative Correlation): -0.4030

--- 完整相关性矩阵 (用于复制) ---
        01      02      03      04      05      06      07      08      09      10
01  1.0000  0.5491  0.2112  0.2267 -0.1996  0.2721 -0.0454 -0.0481 -0.0675  0.3912
02  0.5491  1.0000  0.1575  0.2247 -0.1768  0.2416 -0.0374 -0.0370 -0.0560  0.6041
03  0.2112  0.1575  1.0000  0.2285 -0.4030  0.2617 -0.0417 -0.0577 -0.0851  0.1874
04  0.2267  0.2247  0.2285  1.0000 -0.1675  0.2491 -0.0333 -0.0640 -0.0796  0.1995
05 -0.1996 -0.1768 -0.4030 -0.1675  1.0000 -0.3634 -0.1751 -0.1718 -0.1259 -0.1394
06  0.2721  0.2416  0.2617  0.2491 -0.3634  1.0000  0.0415  0.0263  0.0119  0.1696
07 -0.0454 -0.0374 -0.0417 -0.0333 -0.1751  0.0415  1.0000  0.6244  0.5807 -0.0529
08 -0.0481 -0.0370 -0.0577 -0.0640 -0.1718  0.0263  0.6244  1.0000  0.7029 -0.0523
09 -0.0675 -0.0560 -0.0851 -0.0796 -0.1259  0.0119  0.5807  0.7029  1.0000 -0.0611
10  0.3912  0.6041  0.1874  0.1995 -0.1394  0.1696 -0.0529 -0.0523 -0.0611  1.0000
  图表已保存到: ./EDA/output/PART123/charts/correlation_heatmap.png
--- 本地运行完毕 ---
