--- 正在以独立模式运行 (Volatility Plotter) [Dataset: PART123] ---
正在从 './DATA/PART123/' 加载数据...
找到了 10 个 CSV 文件。开始批量处理...
  正在处理: 01
  [V2] 图表已保存到: ./EDA/output/PART123/charts/volatility/01_volatility_v2_atr.png
  正在处理: 02
  [V2] 图表已保存到: ./EDA/output/PART123/charts/volatility/02_volatility_v2_atr.png
  正在处理: 03
  [V2] 图表已保存到: ./EDA/output/PART123/charts/volatility/03_volatility_v2_atr.png
  正在处理: 04
  [V2] 图表已保存到: ./EDA/output/PART123/charts/volatility/04_volatility_v2_atr.png
  正在处理: 05
  [V2] 图表已保存到: ./EDA/output/PART123/charts/volatility/05_volatility_v2_atr.png
  正在处理: 06
  [V2] 图表已保存到: ./EDA/output/PART123/charts/volatility/06_volatility_v2_atr.png
  正在处理: 07
  [V2] 图表已保存到: ./EDA/output/PART123/charts/volatility/07_volatility_v2_atr.png
  正在处理: 08
  [V2] 图表已保存到: ./EDA/output/PART123/charts/volatility/08_volatility_v2_atr.png
  正在处理: 09
  [V2] 图表已保存到: ./EDA/output/PART123/charts/volatility/09_volatility_v2_atr.png
  正在处理: 10
  [V2] 图表已保存到: ./EDA/output/PART123/charts/volatility/10_volatility_v2_atr.png
--- 波动率图表批量生成和保存完毕 ---
